<html>
<body>
<pre>
<h1>µVision Build Log</h1>
<h2>Tool Versions:</h2>
IDE-Version: µVision V5.21.1.0
Copyright (C) 2016 ARM Ltd and ARM Germany GmbH. All rights reserved.
License Information: Nikola Mitrovic, ELFAK, LIC=----
 
Tool Versions:
Toolchain:       MDK-Lite  Version: 5.21a
Toolchain Path:  C:\Keil_v5\ARM\ARMCC\Bin
C Compiler:      Armcc.exe V5.06 update 3 (build 300)
Assembler:       Armasm.exe V5.06 update 3 (build 300)
Linker/Locator:  ArmLink.exe V5.06 update 3 (build 300)
Library Manager: ArmAr.exe V5.06 update 3 (build 300)
Hex Converter:   FromElf.exe V5.06 update 3 (build 300)
CPU DLL:         SARMCM3.DLL V5.21a
Dialog DLL:      DARMCM1.DLL V1.14.0.0
Target DLL:      STLink\ST-LINKIII-KEIL_SWO.dll V2.0.18.0
Dialog DLL:      TARMCM1.DLL V1.10.0.0
 
<h2>Project:</h2>
C:\Users\nikola.i.mitrovic\Documents\STM Vezbe\MalaPlocaTermopar\MalaPlocaTermopar\MDK-ARM\MalaPlocaTermopar.uvprojx
Project File Date:  01/29/2022

<h2>Output:</h2>
*** Using Compiler 'V5.06 update 3 (build 300)', folder: 'C:\Keil_v5\ARM\ARMCC\Bin'
Build target 'MalaPlocaTermopar'
compiling main.c...
../Core/Inc/ssd1306.h(238): warning:  #1295-D: Deprecated declaration ssd1306_I2C_Init - give arg types
  void ssd1306_I2C_Init();
../Core/Src/main.c(80): warning:  #188-D: enumerated type mixed with another type
  	HAL_GPIO_WritePin(
S_GPIO_Port, 
S_Pin, 0);
../Core/Src/main.c(84): warning:  #188-D: enumerated type mixed with another type
  	HAL_GPIO_WritePin(
S_GPIO_Port, 
S_Pin, 1);
../Core/Src/main.c(79): warning:  #177-D: variable "DummySignBitTest" was declared but never referenced
  	uint8_t DummySignBitTest, DeviceBitTest, ThermoOpenTest, HigherSide, LowerSide;
../Core/Src/main.c(79): warning:  #177-D: variable "DeviceBitTest" was declared but never referenced
  	uint8_t DummySignBitTest, DeviceBitTest, ThermoOpenTest, HigherSide, LowerSide;
../Core/Src/main.c(79): warning:  #177-D: variable "ThermoOpenTest" was declared but never referenced
  	uint8_t DummySignBitTest, DeviceBitTest, ThermoOpenTest, HigherSide, LowerSide;
../Core/Src/main.c(153): warning:  #223-D: function "sprintf" declared implicitly
  		sprintf(UARTbuffer, "%.2f", MeasuredTemp);
../Core/Src/main.c: 7 warnings, 0 errors
linking...
Program Size: Code=13976 RO-data=2308 RW-data=48 ZI-data=3072  
FromELF: creating hex file...
"MalaPlocaTermopar\MalaPlocaTermopar.axf" - 0 Error(s), 7 Warning(s).

<h2>Software Packages used:</h2>

Package Vendor: ARM
                http://www.keil.com/pack/ARM.CMSIS.5.8.0.pack
                ARM::CMSIS:CORE:5.5.0
                CMSIS (Common Microcontroller Software Interface Standard)
   * Component: CORE Version: 5.5.0

<h2>Collection of Component include folders:</h2>
  C:\Users\nikola.i.mitrovic\Documents\STM Vezbe\MalaPlocaTermopar\MalaPlocaTermopar\MDK-ARM\RTE
  C:\Keil_v5\ARM\PACK\ARM\CMSIS\5.8.0\CMSIS\Core\Include
  C:\Keil_v5\ARM\PACK\Keil\STM32F0xx_DFP\2.1.0\Drivers\CMSIS\Device\ST\STM32F0xx\Include

<h2>Collection of Component Files used:</h2>

   * Component: ARM::CMSIS:CORE:5.5.0
      Source file:   CMSIS\Core\Template\ARMv8-M\main_s.c
      Source file:   CMSIS\Core\Template\ARMv8-M\tz_context.c
      Include file:  CMSIS\Core\Include\tz_context.h
Build Time Elapsed:  00:00:02
</pre>
</body>
</html>
